▿ CameraState
  ▿ centered: (5 elements)
    ▿ onCoordinate: CLLocationCoordinate2D
      - latitude: 37.7749
      - longitude: -122.4194
    - zoom: 15.0
    - pitch: 30.0
    ▿ pitchRange: CameraPitchRange
      ▿ freeWithinRange: (2 elements)
        - minimum: 0.0
        - maximum: 60.0
    - direction: 180.0
