▿ CameraState
  ▿ centered: (5 elements)
    ▿ onCoordinate: CLLocationCoordinate2D
      - latitude: 37.7749
      - longitude: -122.4194
    - zoom: 7.0
    - pitch: 0.0
    - pitchRange: CameraPitchRange.free
    - direction: 0.0
