▿ CameraState
  ▿ centered: (5 elements)
    ▿ onCoordinate: CLLocationCoordinate2D
      - latitude: 0.0
      - longitude: 0.0
    - zoom: 12.0
    - pitch: 25.0
    - pitchRange: CameraPitchRange.free
    - direction: 270.0
