▿ CameraState
  ▿ trackingUserLocation: (4 elements)
    - zoom: 15.0
    - pitch: 30.0
    ▿ pitchRange: CameraPitchRange
      ▿ freeWithinRange: (2 elements)
        - minimum: 0.0
        - maximum: 60.0
    - direction: 90.0
